T1: AC181
T2: BC107
T3: BC108
T4: BC109
T19: SC222
D3: A-----
R1: 1k0
R7: 10
C7: 10
