T0, T999999999: 2N2222
D0: A
D999999999: DK500-10
R0: 0
R999999999: 1000megaohm/100watts
C0: 0
C999999999: 1
E0, E999999999: 3,3V
