T1, T2: BC107
D1, D2: 1N4148
R1, R3: 1k/0,125W
R2, R4: 47k/0,125W
C1, C2: 1uF/6,3V
E5: 5V
